2026/01/28 20:32:35 [Node:4173862441272240107] kv server generateSnapshotter raft state size: 411, maxraftstate: 1000
2026/01/28 20:32:35 [Node:4173862441272240107] kv server Get key:0
2026/01/28 20:32:35 [Node:4173862441272240107] kv server Get repley:NoLeader
2026/01/28 20:32:35 [Node:4173862441272240107] kv server Get key:0
2026/01/28 20:32:35 [Node:4173862441272240107] kv server Get repley:NoLeader
2026/01/28 20:32:35 [Node:4173862441272240107] kv server generateSnapshotter raft state size: 411, maxraftstate: 1000
2026/01/28 20:32:35 [Node:4173862441272240107] kv server Get key:0
2026/01/28 20:32:35 [Node:4173862441272240107] kv server Get repley:NoLeader
2026/01/28 20:32:35 [Node:4173862441272240107] kv server generateSnapshotter raft state size: 411, maxraftstate: 1000
2026/01/28 20:32:35 [Node:4173862441272240107] kv server Get key:0
2026/01/28 20:32:35 [Node:4173862441272240107] kv server Get repley:NoLeader
2026/01/28 20:32:35 [Node:4173862441272240107] kv server generateSnapshotter raft state size: 411, maxraftstate: 1000
2026/01/28 20:32:35 [Node:4173862441272240107] kv server Get key:0
2026/01/28 20:32:35 [Node:4173862441272240107] kv server Get repley:NoLeader
2026/01/28 20:32:35 [Node:4173862441272240107] kv server Get key:0
2026/01/28 20:32:35 [Node:4173862441272240107] kv server Get repley:NoLeader
2026/01/28 20:32:35 [Node:4173862441272240107] kv server generateSnapshotter raft state size: 411, maxraftstate: 1000
2026/01/28 20:32:35 [Node:4173862441272240107] kv server generateSnapshotter raft state size: 470, maxraftstate: 1000
2026/01/28 20:32:35 [Node:4173862441272240107] kv server listenApplyCh received nil command at index:0, skipping
2026/01/28 20:32:35 [Node:4173862441272240107] kv server append success key:4 value:x 4 10 y data:map[0:x 0 0 yx 0 1 yx 0 2 yx 0 3 yx 0 4 yx 0 5 yx 0 6 yx 0 7 yx 0 8 yx 0 9 yx 0 10 yx 0 11 yx 0 12 yx 0 13 yx 0 14 yx 0 15 yx 0 16 y 1:x 1 0 yx 1 1 yx 1 2 yx 1 3 yx 1 4 yx 1 5 yx 1 6 yx 1 7 yx 1 8 yx 1 9 yx 1 10 yx 1 11 y 2:x 2 0 yx 2 1 yx 2 2 yx 2 3 yx 2 4 yx 2 5 yx 2 6 yx 2 7 yx 2 8 yx 2 9 yx 2 10 yx 2 11 y 3:x 3 0 yx 3 1 yx 3 2 yx 3 3 yx 3 4 yx 3 5 yx 3 6 yx 3 7 yx 3 8 yx 3 9 yx 3 10 yx 3 11 yx 3 12 yx 3 13 yx 3 14 yx 3 15 yx 3 16 yx 3 17 yx 3 18 y 4:x 4 0 yx 4 1 yx 4 2 yx 4 3 yx 4 4 yx 4 5 yx 4 6 yx 4 7 yx 4 8 yx 4 9 yx 4 10 y]
2026/01/28 20:32:35 [Node:4173862441272240107] kv server Get key:0
2026/01/28 20:32:35 [Node:4173862441272240107] kv server Get repley:NoLeader
2026/01/28 20:32:35 [Node:4173862441272240107] kv server generateSnapshotter raft state size: 470, maxraftstate: 1000
2026/01/28 20:32:35 [Node:4173862441272240107] kv server Get key:0
2026/01/28 20:32:35 [Node:4173862441272240107] kv server Get repley:NoLeader
2026/01/28 20:32:35 [Node:4173862441272240107] kv server generateSnapshotter raft state size: 528, maxraftstate: 1000
2026/01/28 20:32:35 [Node:4173862441272240107] kv server generateSnapshotter raft state size: 644, maxraftstate: 1000
2026/01/28 20:32:36 [Node:4173862441272240107] kv server generateSnapshotter raft state size: 702, maxraftstate: 1000
2026/01/28 20:32:36 [Node:4173862441272240107] kv server putAppend op:Put, key:4, value:
2026/01/28 20:32:36 [Node:4173862441272240107] kv server putAppend repley:NoLeader
2026/01/28 20:32:36 [Node:4173862441272240107] kv server putAppend op:Put, key:2, value:
2026/01/28 20:32:36 [Node:4173862441272240107] kv server putAppend repley:NoLeader
2026/01/28 20:32:36 [Node:4173862441272240107] kv server generateSnapshotter raft state size: 818, maxraftstate: 1000
2026/01/28 20:32:36 [Node:4173862441272240107] kv server listenApplyCh load snapshot data:map[0:x 0 0 yx 0 1 yx 0 2 yx 0 3 yx 0 4 yx 0 5 yx 0 6 yx 0 7 yx 0 8 yx 0 9 yx 0 10 yx 0 11 yx 0 12 yx 0 13 yx 0 14 yx 0 15 yx 0 16 y 1: 2:x 2 0 yx 2 1 yx 2 2 yx 2 3 yx 2 4 yx 2 5 yx 2 6 yx 2 7 yx 2 8 yx 2 9 yx 2 10 yx 2 11 y 3:x 3 0 yx 3 1 yx 3 2 yx 3 3 yx 3 4 yx 3 5 yx 3 6 yx 3 7 yx 3 8 yx 3 9 yx 3 10 yx 3 11 yx 3 12 yx 3 13 yx 3 14 yx 3 15 yx 3 16 yx 3 17 yx 3 18 y 4:x 4 0 yx 4 1 yx 4 2 yx 4 3 yx 4 4 yx 4 5 yx 4 6 yx 4 7 yx 4 8 yx 4 9 yx 4 10 y] seqNums:map[520341975074302975:33 1221315242754262330:10 1375681225407748288:33 1687031947668681826:40 2876128820193495051:1] cleared pending operations
2026/01/28 20:32:36 [Node:4173862441272240107] kv server put success key:2 value: data:map[0:x 0 0 yx 0 1 yx 0 2 yx 0 3 yx 0 4 yx 0 5 yx 0 6 yx 0 7 yx 0 8 yx 0 9 yx 0 10 yx 0 11 yx 0 12 yx 0 13 yx 0 14 yx 0 15 yx 0 16 y 1: 2: 3:x 3 0 yx 3 1 yx 3 2 yx 3 3 yx 3 4 yx 3 5 yx 3 6 yx 3 7 yx 3 8 yx 3 9 yx 3 10 yx 3 11 yx 3 12 yx 3 13 yx 3 14 yx 3 15 yx 3 16 yx 3 17 yx 3 18 y 4:x 4 0 yx 4 1 yx 4 2 yx 4 3 yx 4 4 yx 4 5 yx 4 6 yx 4 7 yx 4 8 yx 4 9 yx 4 10 y]
2026/01/28 20:32:36 [Node:4173862441272240107] kv server put success key:4 value: data:map[0:x 0 0 yx 0 1 yx 0 2 yx 0 3 yx 0 4 yx 0 5 yx 0 6 yx 0 7 yx 0 8 yx 0 9 yx 0 10 yx 0 11 yx 0 12 yx 0 13 yx 0 14 yx 0 15 yx 0 16 y 1: 2: 3:x 3 0 yx 3 1 yx 3 2 yx 3 3 yx 3 4 yx 3 5 yx 3 6 yx 3 7 yx 3 8 yx 3 9 yx 3 10 yx 3 11 yx 3 12 yx 3 13 yx 3 14 yx 3 15 yx 3 16 yx 3 17 yx 3 18 y 4:]
2026/01/28 20:32:36 [Node:4173862441272240107] kv server put success key:0 value: data:map[0: 1: 2: 3:x 3 0 yx 3 1 yx 3 2 yx 3 3 yx 3 4 yx 3 5 yx 3 6 yx 3 7 yx 3 8 yx 3 9 yx 3 10 yx 3 11 yx 3 12 yx 3 13 yx 3 14 yx 3 15 yx 3 16 yx 3 17 yx 3 18 y 4:]
2026/01/28 20:32:36 [Node:4173862441272240107] kv server generateSnapshotter raft state size: 713, maxraftstate: 1000
2026/01/28 20:32:36 [Node:4173862441272240107] kv server listenApplyCh load snapshot data:map[0:x 0 0 yx 0 1 y 1:x 1 0 y 2: 3:x 3 0 y 4:x 4 0 y] seqNums:map[520341975074302975:33 1221315242754262330:10 1311046994250862150:3 1375681225407748288:33 1687031947668681826:40 1776734338610588787:2 1836778643378005779:3 2876128820193495051:3 4545677780842426516:3] cleared pending operations
2026/01/28 20:32:36 [Node:4173862441272240107] kv server generateSnapshotter raft state size: 422, maxraftstate: 1000
2026/01/28 20:32:36 [Node:4173862441272240107] kv server append success key:3 value:x 3 1 y data:map[0:x 0 0 yx 0 1 y 1:x 1 0 y 2: 3:x 3 0 yx 3 1 y 4:x 4 0 y]
2026/01/28 20:32:36 [Node:4173862441272240107] kv server append success key:2 value:x 2 0 y data:map[0:x 0 0 yx 0 1 y 1:x 1 0 y 2:x 2 0 y 3:x 3 0 yx 3 1 y 4:x 4 0 y]
2026/01/28 20:32:36 [Node:4173862441272240107] kv server putAppend op:Append, key:0, value:x 0 2 y
2026/01/28 20:32:36 [Node:4173862441272240107] kv server putAppend repley:NoLeader
2026/01/28 20:32:36 [Node:4173862441272240107] kv server append success key:2 value:x 2 1 y data:map[0:x 0 0 yx 0 1 y 1:x 1 0 y 2:x 2 0 yx 2 1 y 3:x 3 0 yx 3 1 y 4:x 4 0 y]
2026/01/28 20:32:36 [Node:4173862441272240107] kv server Get key:2
2026/01/28 20:32:36 [Node:4173862441272240107] kv server Get repley:NoLeader
2026/01/28 20:32:36 [Node:4173862441272240107] kv server putAppend op:Append, key:3, value:x 3 2 y
2026/01/28 20:32:36 [Node:4173862441272240107] kv server putAppend repley:NoLeader
2026/01/28 20:32:36 [Node:4173862441272240107] kv server generateSnapshotter raft state size: 807, maxraftstate: 1000
2026/01/28 20:32:36 [Node:4173862441272240107] kv server append success key:1 value:x 1 1 y data:map[0:x 0 0 yx 0 1 y 1:x 1 0 yx 1 1 y 2:x 2 0 yx 2 1 y 3:x 3 0 yx 3 1 y 4:x 4 0 y]
2026/01/28 20:32:36 [Node:4173862441272240107] kv server append success key:3 value:x 3 2 y data:map[0:x 0 0 yx 0 1 y 1:x 1 0 yx 1 1 y 2:x 2 0 yx 2 1 y 3:x 3 0 yx 3 1 yx 3 2 y 4:x 4 0 y]
2026/01/28 20:32:36 [Node:4173862441272240107] kv server append success key:0 value:x 0 2 y data:map[0:x 0 0 yx 0 1 yx 0 2 y 1:x 1 0 yx 1 1 y 2:x 2 0 yx 2 1 y 3:x 3 0 yx 3 1 yx 3 2 y 4:x 4 0 y]
2026/01/28 20:32:36 [Node:4173862441272240107] kv server append success key:4 value:x 4 1 y data:map[0:x 0 0 yx 0 1 yx 0 2 y 1:x 1 0 yx 1 1 y 2:x 2 0 yx 2 1 y 3:x 3 0 yx 3 1 yx 3 2 y 4:x 4 0 yx 4 1 y]
2026/01/28 20:32:36 [Node:4173862441272240107] kv server append success key:1 value:x 1 2 y data:map[0:x 0 0 yx 0 1 yx 0 2 y 1:x 1 0 yx 1 1 yx 1 2 y 2:x 2 0 yx 2 1 y 3:x 3 0 yx 3 1 yx 3 2 y 4:x 4 0 yx 4 1 y]
2026/01/28 20:32:36 [Node:4173862441272240107] kv server Get key:2
2026/01/28 20:32:36 [Node:4173862441272240107] kv server Get repley:NoLeader
2026/01/28 20:32:36 [Node:4173862441272240107] kv server generateSnapshotter raft state size: 1215, maxraftstate: 1000
2026/01/28 20:32:36 [Node:4173862441272240107] kv server append success key:0 value:x 0 3 y data:map[0:x 0 0 yx 0 1 yx 0 2 yx 0 3 y 1:x 1 0 yx 1 1 yx 1 2 y 2:x 2 0 yx 2 1 y 3:x 3 0 yx 3 1 yx 3 2 y 4:x 4 0 yx 4 1 y]
2026/01/28 20:32:36 [Node:4173862441272240107] kv server append success key:4 value:x 4 2 y data:map[0:x 0 0 yx 0 1 yx 0 2 yx 0 3 y 1:x 1 0 yx 1 1 yx 1 2 y 2:x 2 0 yx 2 1 y 3:x 3 0 yx 3 1 yx 3 2 y 4:x 4 0 yx 4 1 yx 4 2 y]
2026/01/28 20:32:36 [Node:4173862441272240107] kv server Get key:1
2026/01/28 20:32:36 [Node:4173862441272240107] kv server Get repley:NoLeader
2026/01/28 20:32:36 [Node:4173862441272240107] kv server putAppend op:Append, key:3, value:x 3 3 y
2026/01/28 20:32:36 [Node:4173862441272240107] kv server putAppend repley:NoLeader
2026/01/28 20:32:36 [Node:4173862441272240107] kv server generateSnapshotter raft state size: 527, maxraftstate: 1000
2026/01/28 20:32:36 [Node:4173862441272240107] kv server append success key:4 value:x 4 3 y data:map[0:x 0 0 yx 0 1 yx 0 2 yx 0 3 y 1:x 1 0 yx 1 1 yx 1 2 y 2:x 2 0 yx 2 1 y 3:x 3 0 yx 3 1 yx 3 2 y 4:x 4 0 yx 4 1 yx 4 2 yx 4 3 y]
2026/01/28 20:32:36 [Node:4173862441272240107] kv server generateSnapshotter raft state size: 853, maxraftstate: 1000
2026/01/28 20:32:36 [Node:4173862441272240107] kv server append success key:2 value:x 2 2 y data:map[0:x 0 0 yx 0 1 yx 0 2 yx 0 3 y 1:x 1 0 yx 1 1 yx 1 2 y 2:x 2 0 yx 2 1 yx 2 2 y 3:x 3 0 yx 3 1 yx 3 2 y 4:x 4 0 yx 4 1 yx 4 2 yx 4 3 y]
2026/01/28 20:32:36 [Node:4173862441272240107] kv server append success key:4 value:x 4 4 y data:map[0:x 0 0 yx 0 1 yx 0 2 yx 0 3 y 1:x 1 0 yx 1 1 yx 1 2 y 2:x 2 0 yx 2 1 yx 2 2 y 3:x 3 0 yx 3 1 yx 3 2 y 4:x 4 0 yx 4 1 yx 4 2 yx 4 3 yx 4 4 y]
2026/01/28 20:32:36 [Node:4173862441272240107] kv server append success key:3 value:x 3 3 y data:map[0:x 0 0 yx 0 1 yx 0 2 yx 0 3 y 1:x 1 0 yx 1 1 yx 1 2 y 2:x 2 0 yx 2 1 yx 2 2 y 3:x 3 0 yx 3 1 yx 3 2 yx 3 3 y 4:x 4 0 yx 4 1 yx 4 2 yx 4 3 yx 4 4 y]
2026/01/28 20:32:36 [Node:4173862441272240107] kv server generateSnapshotter raft state size: 1191, maxraftstate: 1000
2026/01/28 20:32:36 [Node:4173862441272240107] kv server append success key:4 value:x 4 5 y data:map[0:x 0 0 yx 0 1 yx 0 2 yx 0 3 y 1:x 1 0 yx 1 1 yx 1 2 y 2:x 2 0 yx 2 1 yx 2 2 y 3:x 3 0 yx 3 1 yx 3 2 yx 3 3 y 4:x 4 0 yx 4 1 yx 4 2 yx 4 3 yx 4 4 yx 4 5 y]
2026/01/28 20:32:36 [Node:4173862441272240107] kv server append success key:2 value:x 2 3 y data:map[0:x 0 0 yx 0 1 yx 0 2 yx 0 3 y 1:x 1 0 yx 1 1 yx 1 2 y 2:x 2 0 yx 2 1 yx 2 2 yx 2 3 y 3:x 3 0 yx 3 1 yx 3 2 yx 3 3 y 4:x 4 0 yx 4 1 yx 4 2 yx 4 3 yx 4 4 yx 4 5 y]
2026/01/28 20:32:36 [Node:4173862441272240107] kv server append success key:3 value:x 3 4 y data:map[0:x 0 0 yx 0 1 yx 0 2 yx 0 3 y 1:x 1 0 yx 1 1 yx 1 2 y 2:x 2 0 yx 2 1 yx 2 2 yx 2 3 y 3:x 3 0 yx 3 1 yx 3 2 yx 3 3 yx 3 4 y 4:x 4 0 yx 4 1 yx 4 2 yx 4 3 yx 4 4 yx 4 5 y]
2026/01/28 20:32:36 [Node:4173862441272240107] kv server append success key:0 value:x 0 4 y data:map[0:x 0 0 yx 0 1 yx 0 2 yx 0 3 yx 0 4 y 1:x 1 0 yx 1 1 yx 1 2 y 2:x 2 0 yx 2 1 yx 2 2 yx 2 3 y 3:x 3 0 yx 3 1 yx 3 2 yx 3 3 yx 3 4 y 4:x 4 0 yx 4 1 yx 4 2 yx 4 3 yx 4 4 yx 4 5 y]
2026/01/28 20:32:36 [Node:4173862441272240107] kv server append success key:1 value:x 1 3 y data:map[0:x 0 0 yx 0 1 yx 0 2 yx 0 3 yx 0 4 y 1:x 1 0 yx 1 1 yx 1 2 yx 1 3 y 2:x 2 0 yx 2 1 yx 2 2 yx 2 3 y 3:x 3 0 yx 3 1 yx 3 2 yx 3 3 yx 3 4 y 4:x 4 0 yx 4 1 yx 4 2 yx 4 3 yx 4 4 yx 4 5 y]
2026/01/28 20:32:36 [Node:4173862441272240107] kv server append success key:0 value:x 0 5 y data:map[0:x 0 0 yx 0 1 yx 0 2 yx 0 3 yx 0 4 yx 0 5 y 1:x 1 0 yx 1 1 yx 1 2 yx 1 3 y 2:x 2 0 yx 2 1 yx 2 2 yx 2 3 y 3:x 3 0 yx 3 1 yx 3 2 yx 3 3 yx 3 4 y 4:x 4 0 yx 4 1 yx 4 2 yx 4 3 yx 4 4 yx 4 5 y]
2026/01/28 20:32:36 [Node:4173862441272240107] kv server generateSnapshotter raft state size: 1051, maxraftstate: 1000
2026/01/28 20:32:37 [Node:4173862441272240107] kv server putAppend op:Append, key:2, value:x 2 4 y
2026/01/28 20:32:37 [Node:4173862441272240107] kv server putAppend repley:NoLeader
2026/01/28 20:32:37 [Node:4173862441272240107] kv server putAppend op:Append, key:1, value:x 1 4 y
2026/01/28 20:32:37 [Node:4173862441272240107] kv server putAppend repley:NoLeader
2026/01/28 20:32:37 [Node:4173862441272240107] kv server append success key:1 value:x 1 4 y data:map[0:x 0 0 yx 0 1 yx 0 2 yx 0 3 yx 0 4 yx 0 5 y 1:x 1 0 yx 1 1 yx 1 2 yx 1 3 yx 1 4 y 2:x 2 0 yx 2 1 yx 2 2 yx 2 3 y 3:x 3 0 yx 3 1 yx 3 2 yx 3 3 yx 3 4 y 4:x 4 0 yx 4 1 yx 4 2 yx 4 3 yx 4 4 yx 4 5 y]
2026/01/28 20:32:37 [Node:4173862441272240107] kv server append success key:4 value:x 4 6 y data:map[0:x 0 0 yx 0 1 yx 0 2 yx 0 3 yx 0 4 yx 0 5 y 1:x 1 0 yx 1 1 yx 1 2 yx 1 3 yx 1 4 y 2:x 2 0 yx 2 1 yx 2 2 yx 2 3 y 3:x 3 0 yx 3 1 yx 3 2 yx 3 3 yx 3 4 y 4:x 4 0 yx 4 1 yx 4 2 yx 4 3 yx 4 4 yx 4 5 yx 4 6 y]
2026/01/28 20:32:37 [Node:4173862441272240107] kv server generateSnapshotter raft state size: 1551, maxraftstate: 1000
2026/01/28 20:32:37 [Node:4173862441272240107] kv server generateSnapshotter raft state size: 667, maxraftstate: 1000
2026/01/28 20:32:37 [Node:4173862441272240107] kv server putAppend op:Append, key:2, value:x 2 6 y
2026/01/28 20:32:37 [Node:4173862441272240107] kv server putAppend repley:NoLeader
2026/01/28 20:32:37 [Node:4173862441272240107] kv server putAppend op:Append, key:0, value:x 0 7 y
2026/01/28 20:32:37 [Node:4173862441272240107] kv server putAppend repley:NoLeader
2026/01/28 20:32:37 [Node:4173862441272240107] kv server generateSnapshotter raft state size: 667, maxraftstate: 1000
2026/01/28 20:32:37 [Node:4173862441272240107] kv server generateSnapshotter raft state size: 667, maxraftstate: 1000
2026/01/28 20:32:37 [Node:4173862441272240107] kv server Get key:1
2026/01/28 20:32:37 [Node:4173862441272240107] kv server Get repley:NoLeader
2026/01/28 20:32:37 [Node:4173862441272240107] kv server Get key:2
2026/01/28 20:32:37 [Node:4173862441272240107] kv server Get repley:NoLeader
2026/01/28 20:32:37 [Node:4173862441272240107] kv server Get key:4
2026/01/28 20:32:37 [Node:4173862441272240107] kv server Get repley:NoLeader
2026/01/28 20:32:37 [Node:4173862441272240107] kv server generateSnapshotter raft state size: 667, maxraftstate: 1000
2026/01/28 20:32:37 [Node:4173862441272240107] kv server generateSnapshotter raft state size: 667, maxraftstate: 1000
2026/01/28 20:32:37 [Node:4173862441272240107] kv server Get key:0
2026/01/28 20:32:37 [Node:4173862441272240107] kv server Get repley:NoLeader
2026/01/28 20:32:37 [Node:4173862441272240107] kv server generateSnapshotter raft state size: 667, maxraftstate: 1000
2026/01/28 20:32:37 [Node:4173862441272240107] kv server Get key:0
2026/01/28 20:32:37 [Node:4173862441272240107] kv server Get repley:NoLeader
2026/01/28 20:32:37 [Node:4173862441272240107] kv server Get key:4
2026/01/28 20:32:37 [Node:4173862441272240107] kv server Get repley:NoLeader
2026/01/28 20:32:37 [Node:4173862441272240107] kv server Get key:3
2026/01/28 20:32:37 [Node:4173862441272240107] kv server Get repley:NoLeader
2026/01/28 20:32:37 [Node:4173862441272240107] kv server generateSnapshotter raft state size: 667, maxraftstate: 1000
2026/01/28 20:32:37 [Node:4173862441272240107] kv server Get key:4
2026/01/28 20:32:37 [Node:4173862441272240107] kv server Get repley:NoLeader
2026/01/28 20:32:37 [Node:4173862441272240107] kv server Get key:3
2026/01/28 20:32:37 [Node:4173862441272240107] kv server Get repley:NoLeader
2026/01/28 20:32:37 [Node:4173862441272240107] kv server Get key:4
2026/01/28 20:32:37 [Node:4173862441272240107] kv server Get repley:NoLeader
2026/01/28 20:32:37 [Node:4173862441272240107] kv server generateSnapshotter raft state size: 667, maxraftstate: 1000
2026/01/28 20:32:38 [Node:4173862441272240107] kv server generateSnapshotter raft state size: 667, maxraftstate: 1000
2026/01/28 20:32:38 [Node:4173862441272240107] kv server Get key:0
2026/01/28 20:32:38 [Node:4173862441272240107] kv server Get repley:NoLeader
2026/01/28 20:32:38 [Node:4173862441272240107] kv server generateSnapshotter raft state size: 667, maxraftstate: 1000
2026/01/28 20:32:38 [Node:4173862441272240107] kv server Get key:0
2026/01/28 20:32:38 [Node:4173862441272240107] kv server Get repley:NoLeader
2026/01/28 20:32:38 [Node:4173862441272240107] kv server Get key:4
2026/01/28 20:32:38 [Node:4173862441272240107] kv server Get repley:NoLeader
2026/01/28 20:32:38 [Node:4173862441272240107] kv server Get key:3
2026/01/28 20:32:38 [Node:4173862441272240107] kv server Get repley:NoLeader
2026/01/28 20:32:38 [Node:4173862441272240107] kv server generateSnapshotter raft state size: 667, maxraftstate: 1000
2026/01/28 20:32:38 [Node:4173862441272240107] kv server generateSnapshotter raft state size: 667, maxraftstate: 1000
2026/01/28 20:32:38 [Node:4173862441272240107] kv server listenApplyCh load snapshot data:map[0:x 0 0 yx 0 1 yx 0 2 yx 0 3 yx 0 4 yx 0 5 yx 0 6 yx 0 7 yx 0 8 yx 0 9 yx 0 10 yx 0 11 y 1:x 1 0 yx 1 1 yx 1 2 yx 1 3 yx 1 4 yx 1 5 yx 1 6 yx 1 7 y 2:x 2 0 yx 2 1 yx 2 2 yx 2 3 yx 2 4 yx 2 5 yx 2 6 yx 2 7 yx 2 8 y 3:x 3 0 yx 3 1 yx 3 2 yx 3 3 yx 3 4 yx 3 5 yx 3 6 yx 3 7 yx 3 8 yx 3 9 y 4:x 4 0 yx 4 1 yx 4 2 yx 4 3 yx 4 4 yx 4 5 yx 4 6 yx 4 7 yx 4 8 yx 4 9 yx 4 10 y] seqNums:map[520341975074302975:33 1221315242754262330:10 1311046994250862150:22 1375681225407748288:33 1687031947668681826:40 1776734338610588787:27 1836778643378005779:24 2876128820193495051:23 4545677780842426516:24] cleared pending operations
2026/01/28 20:32:38 [Node:4173862441272240107] kv server listenApplyCh op:Append, key:1, value:x 1 8 y 重复操作
2026/01/28 20:32:38 [Node:4173862441272240107] kv server listenApplyCh op:Append, key:2, value:x 2 9 y 重复操作
2026/01/28 20:32:38 [Node:4173862441272240107] kv server listenApplyCh op:Append, key:2, value:x 2 10 y 重复操作
2026/01/28 20:32:38 [Node:4173862441272240107] kv server listenApplyCh op:Append, key:1, value:x 1 9 y 重复操作
2026/01/28 20:32:38 [Node:4173862441272240107] kv server listenApplyCh op:Append, key:1, value:x 1 10 y 重复操作
2026/01/28 20:32:38 [Node:4173862441272240107] kv server listenApplyCh op:Append, key:3, value:x 3 10 y 重复操作
2026/01/28 20:32:38 [Node:4173862441272240107] kv server listenApplyCh op:Append, key:1, value:x 1 11 y 重复操作
2026/01/28 20:32:38 [Node:4173862441272240107] kv server generateSnapshotter raft state size: 1383, maxraftstate: 1000
2026/01/28 20:32:38 [Node:4173862441272240107] kv server generateSnapshotter raft state size: 424, maxraftstate: 1000
2026/01/28 20:32:38 [Node:4173862441272240107] kv server generateSnapshotter raft state size: 424, maxraftstate: 1000
2026/01/28 20:32:38 [Node:4173862441272240107] kv server generateSnapshotter raft state size: 424, maxraftstate: 1000
2026/01/28 20:32:38 [Node:4173862441272240107] kv server generateSnapshotter raft state size: 424, maxraftstate: 1000
2026/01/28 20:32:38 [Node:4173862441272240107] kv server generateSnapshotter raft state size: 424, maxraftstate: 1000
2026/01/28 20:32:39 [Node:4173862441272240107] kv server generateSnapshotter raft state size: 424, maxraftstate: 1000
2026/01/28 20:32:39 [Node:4173862441272240107] kv server generateSnapshotter raft state size: 424, maxraftstate: 1000
2026/01/28 20:32:39 [Node:4173862441272240107] kv server generateSnapshotter raft state size: 424, maxraftstate: 1000
2026/01/28 20:32:39 [Node:4173862441272240107] kv server generateSnapshotter raft state size: 424, maxraftstate: 1000
2026/01/28 20:32:39 [Node:4173862441272240107] kv server generateSnapshotter raft state size: 424, maxraftstate: 1000
2026/01/28 20:32:39 [Node:4173862441272240107] kv server generateSnapshotter raft state size: 424, maxraftstate: 1000
2026/01/28 20:32:39 [Node:4173862441272240107] kv server generateSnapshotter raft state size: 424, maxraftstate: 1000
2026/01/28 20:32:39 [Node:4173862441272240107] kv server generateSnapshotter raft state size: 424, maxraftstate: 1000
2026/01/28 20:32:39 [Node:4173862441272240107] kv server generateSnapshotter raft state size: 424, maxraftstate: 1000
2026/01/28 20:32:39 [Node:4173862441272240107] kv server generateSnapshotter raft state size: 424, maxraftstate: 1000
2026/01/28 20:32:40 [Node:4173862441272240107] kv server generateSnapshotter raft state size: 424, maxraftstate: 1000
2026/01/28 20:32:40 [Node:4173862441272240107] kv server generateSnapshotter raft state size: 424, maxraftstate: 1000
2026/01/28 20:32:40 [Node:4173862441272240107] kv server putAppend op:Append, key:2, value:x 2 11 y
2026/01/28 20:32:40 [Node:4173862441272240107] kv server append success key:2 value:x 2 11 y data:map[0:x 0 0 yx 0 1 yx 0 2 yx 0 3 yx 0 4 yx 0 5 yx 0 6 yx 0 7 yx 0 8 yx 0 9 yx 0 10 yx 0 11 y 1:x 1 0 yx 1 1 yx 1 2 yx 1 3 yx 1 4 yx 1 5 yx 1 6 yx 1 7 y 2:x 2 0 yx 2 1 yx 2 2 yx 2 3 yx 2 4 yx 2 5 yx 2 6 yx 2 7 yx 2 8 yx 2 11 y 3:x 3 0 yx 3 1 yx 3 2 yx 3 3 yx 3 4 yx 3 5 yx 3 6 yx 3 7 yx 3 8 yx 3 9 y 4:x 4 0 yx 4 1 yx 4 2 yx 4 3 yx 4 4 yx 4 5 yx 4 6 yx 4 7 yx 4 8 yx 4 9 yx 4 10 y]
2026/01/28 20:32:40 [Node:4173862441272240107] kv server append success key:0 value:x 0 12 y data:map[0:x 0 0 yx 0 1 yx 0 2 yx 0 3 yx 0 4 yx 0 5 yx 0 6 yx 0 7 yx 0 8 yx 0 9 yx 0 10 yx 0 11 yx 0 12 y 1:x 1 0 yx 1 1 yx 1 2 yx 1 3 yx 1 4 yx 1 5 yx 1 6 yx 1 7 y 2:x 2 0 yx 2 1 yx 2 2 yx 2 3 yx 2 4 yx 2 5 yx 2 6 yx 2 7 yx 2 8 yx 2 11 y 3:x 3 0 yx 3 1 yx 3 2 yx 3 3 yx 3 4 yx 3 5 yx 3 6 yx 3 7 yx 3 8 yx 3 9 y 4:x 4 0 yx 4 1 yx 4 2 yx 4 3 yx 4 4 yx 4 5 yx 4 6 yx 4 7 yx 4 8 yx 4 9 yx 4 10 y]
2026/01/28 20:32:40 [Node:4173862441272240107] kv server listenApplyCh op:Append, key:2, value:x 2 11 y 重复操作
2026/01/28 20:32:40 [Node:4173862441272240107] kv server putAppend repley: success op:Append, key:2, value:x 2 11 y
2026/01/28 20:32:40 [Node:4173862441272240107] kv server generateSnapshotter raft state size: 496, maxraftstate: 1000
2026/01/28 20:32:40 [Node:4173862441272240107] kv server putAppend op:Append, key:2, value:x 2 12 y
2026/01/28 20:32:40 [Node:4173862441272240107] kv server putAppend op:Append, key:0, value:x 0 12 y 重复操作
2026/01/28 20:32:40 [Node:4173862441272240107] kv server Get key:1
2026/01/28 20:32:40 [Node:4173862441272240107] kv server Get key:4
2026/01/28 20:32:40 [Node:4173862441272240107] kv server append success key:2 value:x 2 12 y data:map[0:x 0 0 yx 0 1 yx 0 2 yx 0 3 yx 0 4 yx 0 5 yx 0 6 yx 0 7 yx 0 8 yx 0 9 yx 0 10 yx 0 11 yx 0 12 y 1:x 1 0 yx 1 1 yx 1 2 yx 1 3 yx 1 4 yx 1 5 yx 1 6 yx 1 7 y 2:x 2 0 yx 2 1 yx 2 2 yx 2 3 yx 2 4 yx 2 5 yx 2 6 yx 2 7 yx 2 8 yx 2 11 yx 2 12 y 3:x 3 0 yx 3 1 yx 3 2 yx 3 3 yx 3 4 yx 3 5 yx 3 6 yx 3 7 yx 3 8 yx 3 9 y 4:x 4 0 yx 4 1 yx 4 2 yx 4 3 yx 4 4 yx 4 5 yx 4 6 yx 4 7 yx 4 8 yx 4 9 yx 4 10 y]
2026/01/28 20:32:40 [Node:4173862441272240107] kv server putAppend repley: success op:Append, key:2, value:x 2 12 y
2026/01/28 20:32:40 [Node:4173862441272240107] kv server get key:1, data:map[0:x 0 0 yx 0 1 yx 0 2 yx 0 3 yx 0 4 yx 0 5 yx 0 6 yx 0 7 yx 0 8 yx 0 9 yx 0 10 yx 0 11 yx 0 12 y 1:x 1 0 yx 1 1 yx 1 2 yx 1 3 yx 1 4 yx 1 5 yx 1 6 yx 1 7 y 2:x 2 0 yx 2 1 yx 2 2 yx 2 3 yx 2 4 yx 2 5 yx 2 6 yx 2 7 yx 2 8 yx 2 11 yx 2 12 y 3:x 3 0 yx 3 1 yx 3 2 yx 3 3 yx 3 4 yx 3 5 yx 3 6 yx 3 7 yx 3 8 yx 3 9 y 4:x 4 0 yx 4 1 yx 4 2 yx 4 3 yx 4 4 yx 4 5 yx 4 6 yx 4 7 yx 4 8 yx 4 9 yx 4 10 y]
2026/01/28 20:32:40 [Node:4173862441272240107] kv server get key:1, value:x 1 0 yx 1 1 yx 1 2 yx 1 3 yx 1 4 yx 1 5 yx 1 6 yx 1 7 y
