2026/01/27 20:34:45 [Node:3668518753547396462] kv server putAppend op:Put, key:2, value:
2026/01/27 20:34:45 [Node:3017501193301214021] kv server putAppend op:Put, key:2, value:
2026/01/27 20:34:45 [Node:1805011970792017740] kv server putAppend op:Put, key:2, value:
2026/01/27 20:34:45 [Node:3731818272620519076] kv server putAppend op:Put, key:2, value:
2026/01/27 20:34:45 [Node:2586583564771526023] kv server putAppend op:Put, key:2, value:
2026/01/27 20:34:45 [Node:3668518753547396462] kv server putAppend op:Put, key:2, value:
2026/01/27 20:34:45 [Node:3017501193301214021] kv server putAppend op:Put, key:2, value:
2026/01/27 20:34:45 [Node:1805011970792017740] kv server putAppend op:Put, key:2, value:
2026/01/27 20:34:45 [Node:3731818272620519076] kv server putAppend op:Put, key:2, value:
2026/01/27 20:34:45 [Node:3731818272620519076] kv server putAppend repley: success op:Put, key:2, value:
2026/01/27 20:34:45 [Node:3731818272620519076] kv server putAppend op:Append, key:2, value:x 2 0 y
2026/01/27 20:34:45 [Node:3731818272620519076] kv server putAppend repley: success op:Append, key:2, value:x 2 0 y
2026/01/27 20:34:46 [Node:3731818272620519076] kv server putAppend op:Append, key:2, value:x 2 1 y
2026/01/27 20:34:46 [Node:3731818272620519076] kv server putAppend repley: success op:Append, key:2, value:x 2 1 y
2026/01/27 20:34:46 [Node:3731818272620519076] kv server putAppend op:Append, key:2, value:x 2 2 y
2026/01/27 20:34:46 [Node:3731818272620519076] kv server putAppend repley: success op:Append, key:2, value:x 2 2 y
2026/01/27 20:34:46 [Node:3731818272620519076] kv server putAppend op:Append, key:2, value:x 2 3 y
2026/01/27 20:34:46 [Node:3731818272620519076] kv server putAppend repley: success op:Append, key:2, value:x 2 3 y
2026/01/27 20:34:46 [Node:2586583564771526023] kv server putAppend op:Append, key:2, value:x 2 3 y
2026/01/27 20:34:46 [Node:3017501193301214021] kv server putAppend op:Append, key:2, value:x 2 3 y
2026/01/27 20:34:46 [Node:1805011970792017740] kv server putAppend op:Append, key:2, value:x 2 3 y
2026/01/27 20:34:46 [Node:3731818272620519076] kv server putAppend op:Append, key:2, value:x 2 3 y 重复操作
2026/01/27 20:34:46 [Node:3731818272620519076] kv server putAppend op:Append, key:2, value:x 2 4 y
2026/01/27 20:34:46 [Node:3731818272620519076] kv server putAppend repley: success op:Append, key:2, value:x 2 4 y
2026/01/27 20:34:46 [Node:3731818272620519076] kv server putAppend op:Append, key:2, value:x 2 5 y
2026/01/27 20:34:46 [Node:3731818272620519076] kv server putAppend repley: success op:Append, key:2, value:x 2 5 y
2026/01/27 20:34:46 [Node:3731818272620519076] kv server putAppend op:Append, key:2, value:x 2 6 y
2026/01/27 20:34:46 [Node:3731818272620519076] kv server putAppend repley: success op:Append, key:2, value:x 2 6 y
2026/01/27 20:34:46 [Node:3731818272620519076] kv server putAppend op:Append, key:2, value:x 2 7 y
2026/01/27 20:34:46 [Node:3731818272620519076] kv server putAppend repley: success op:Append, key:2, value:x 2 7 y
2026/01/27 20:34:46 [Node:2586583564771526023] kv server putAppend op:Append, key:2, value:x 2 7 y
2026/01/27 20:34:46 [Node:3017501193301214021] kv server putAppend op:Append, key:2, value:x 2 7 y
2026/01/27 20:34:46 [Node:1805011970792017740] kv server putAppend op:Append, key:2, value:x 2 7 y 重复操作
2026/01/27 20:34:47 [Node:3731818272620519076] kv server putAppend op:Append, key:2, value:x 2 8 y
2026/01/27 20:34:47 [Node:3731818272620519076] kv server putAppend repley: success op:Append, key:2, value:x 2 8 y
2026/01/27 20:34:47 [Node:3731818272620519076] kv server putAppend op:Append, key:2, value:x 2 9 y
2026/01/27 20:34:47 [Node:3731818272620519076] kv server putAppend repley: success op:Append, key:2, value:x 2 9 y
2026/01/27 20:34:47 [Node:2586583564771526023] kv server putAppend op:Append, key:2, value:x 2 10 y
2026/01/27 20:34:47 [Node:3668518753547396462] kv server putAppend op:Append, key:2, value:x 2 10 y
2026/01/27 20:34:47 [Node:1805011970792017740] kv server putAppend op:Append, key:2, value:x 2 10 y
2026/01/27 20:34:47 [Node:3731818272620519076] kv server putAppend op:Append, key:2, value:x 2 10 y
2026/01/27 20:34:47 [Node:3731818272620519076] kv server putAppend repley: success op:Append, key:2, value:x 2 10 y
2026/01/27 20:34:47 [Node:3731818272620519076] kv server putAppend op:Append, key:2, value:x 2 11 y
2026/01/27 20:34:47 [Node:3731818272620519076] kv server putAppend repley: success op:Append, key:2, value:x 2 11 y
2026/01/27 20:34:47 [Node:3731818272620519076] kv server putAppend op:Append, key:2, value:x 2 12 y
2026/01/27 20:34:47 [Node:3731818272620519076] kv server putAppend repley: success op:Append, key:2, value:x 2 12 y
2026/01/27 20:34:47 [Node:3731818272620519076] kv server putAppend op:Append, key:2, value:x 2 13 y
2026/01/27 20:34:47 [Node:3731818272620519076] kv server putAppend repley: success op:Append, key:2, value:x 2 13 y
2026/01/27 20:34:47 [Node:3731818272620519076] kv server putAppend op:Append, key:2, value:x 2 14 y
2026/01/27 20:34:47 [Node:3731818272620519076] kv server putAppend repley: success op:Append, key:2, value:x 2 14 y
2026/01/27 20:34:47 [Node:2586583564771526023] kv server putAppend op:Append, key:2, value:x 2 14 y
2026/01/27 20:34:47 [Node:3668518753547396462] kv server putAppend op:Append, key:2, value:x 2 14 y
2026/01/27 20:34:47 [Node:3017501193301214021] kv server putAppend op:Append, key:2, value:x 2 14 y
2026/01/27 20:34:47 [Node:1805011970792017740] kv server putAppend op:Append, key:2, value:x 2 14 y 重复操作
2026/01/27 20:34:47 [Node:1805011970792017740] kv server putAppend op:Append, key:2, value:x 2 15 y
2026/01/27 20:34:47 [Node:2586583564771526023] kv server putAppend op:Append, key:2, value:x 2 15 y
2026/01/27 20:34:47 [Node:3668518753547396462] kv server putAppend op:Append, key:2, value:x 2 15 y
2026/01/27 20:34:47 [Node:3017501193301214021] kv server putAppend op:Append, key:2, value:x 2 15 y
2026/01/27 20:34:47 [Node:1805011970792017740] kv server putAppend op:Append, key:2, value:x 2 15 y
2026/01/27 20:34:47 [Node:3731818272620519076] kv server putAppend op:Append, key:2, value:x 2 15 y
2026/01/27 20:34:47 [Node:2586583564771526023] kv server putAppend op:Append, key:2, value:x 2 15 y
2026/01/27 20:34:47 [Node:3668518753547396462] kv server putAppend op:Append, key:2, value:x 2 15 y
2026/01/27 20:34:47 [Node:1805011970792017740] kv server putAppend op:Append, key:2, value:x 2 15 y
2026/01/27 20:34:47 [Node:3731818272620519076] kv server putAppend op:Append, key:2, value:x 2 15 y
2026/01/27 20:34:47 [Node:2586583564771526023] kv server putAppend op:Append, key:2, value:x 2 15 y
2026/01/27 20:34:47 [Node:3668518753547396462] kv server putAppend op:Append, key:2, value:x 2 15 y
2026/01/27 20:34:47 [Node:3017501193301214021] kv server putAppend op:Append, key:2, value:x 2 15 y
2026/01/27 20:34:47 [Node:1805011970792017740] kv server putAppend op:Append, key:2, value:x 2 15 y
2026/01/27 20:34:47 [Node:3731818272620519076] kv server putAppend op:Append, key:2, value:x 2 15 y
2026/01/27 20:34:47 [Node:3731818272620519076] kv server putAppend repley: success op:Append, key:2, value:x 2 15 y
2026/01/27 20:34:47 [Node:3731818272620519076] kv server putAppend op:Append, key:2, value:x 2 16 y
2026/01/27 20:34:48 [Node:3731818272620519076] kv server putAppend repley: success op:Append, key:2, value:x 2 16 y
2026/01/27 20:34:48 [Node:3731818272620519076] kv server putAppend op:Append, key:2, value:x 2 17 y
2026/01/27 20:34:48 [Node:3731818272620519076] kv server putAppend repley: success op:Append, key:2, value:x 2 17 y
2026/01/27 20:34:48 [Node:3731818272620519076] kv server putAppend op:Append, key:2, value:x 2 18 y
2026/01/27 20:34:48 [Node:3731818272620519076] kv server putAppend repley: success op:Append, key:2, value:x 2 18 y
2026/01/27 20:34:48 [Node:3731818272620519076] kv server putAppend op:Append, key:2, value:x 2 19 y
2026/01/27 20:34:48 [Node:3731818272620519076] kv server putAppend repley: success op:Append, key:2, value:x 2 19 y
2026/01/27 20:34:49 [Node:2586583564771526023] kv server putAppend op:Append, key:2, value:x 2 20 y
2026/01/27 20:34:49 [Node:3668518753547396462] kv server putAppend op:Append, key:2, value:x 2 20 y
2026/01/27 20:34:49 [Node:3017501193301214021] kv server putAppend op:Append, key:2, value:x 2 20 y
2026/01/27 20:34:49 [Node:1805011970792017740] kv server putAppend op:Append, key:2, value:x 2 20 y
2026/01/27 20:34:49 [Node:3731818272620519076] kv server putAppend op:Append, key:2, value:x 2 20 y
2026/01/27 20:34:49 [Node:3731818272620519076] kv server putAppend repley: success op:Append, key:2, value:x 2 20 y
2026/01/27 20:34:49 [Node:2586583564771526023] kv server putAppend op:Append, key:2, value:x 2 20 y
2026/01/27 20:34:49 [Node:3668518753547396462] kv server putAppend op:Append, key:2, value:x 2 20 y 重复操作
2026/01/27 20:34:49 [Node:3668518753547396462] kv server putAppend op:Append, key:2, value:x 2 21 y
2026/01/27 20:34:49 [Node:3731818272620519076] kv server putAppend op:Append, key:2, value:x 2 21 y
2026/01/27 20:34:49 [Node:3731818272620519076] kv server putAppend repley: success op:Append, key:2, value:x 2 21 y
2026/01/27 20:34:49 [Node:3731818272620519076] kv server putAppend op:Append, key:2, value:x 2 22 y
2026/01/27 20:34:49 [Node:3731818272620519076] kv server putAppend repley: success op:Append, key:2, value:x 2 22 y
2026/01/27 20:34:49 [Node:3731818272620519076] kv server putAppend op:Append, key:2, value:x 2 23 y
2026/01/27 20:34:49 [Node:3731818272620519076] kv server putAppend repley: success op:Append, key:2, value:x 2 23 y
2026/01/27 20:34:49 [Node:3731818272620519076] kv server putAppend op:Append, key:2, value:x 2 24 y
2026/01/27 20:34:49 [Node:3731818272620519076] kv server putAppend repley: success op:Append, key:2, value:x 2 24 y
2026/01/27 20:34:49 [Node:2586583564771526023] kv server putAppend op:Append, key:2, value:x 2 24 y
2026/01/27 20:34:49 [Node:3017501193301214021] kv server putAppend op:Append, key:2, value:x 2 24 y 重复操作
